  Determining projects to restore...
  All projects are up-to-date for restore.
  JAIMES AF.Domain -> C:\Dev\JAIMES AF\JAIMES AF.Domain\bin\Debug\net10.0\JAIMES AF.Domain.dll
  JAIMES AF.Repositories -> C:\Dev\JAIMES AF\JAIMES AF.Repositories\bin\Debug\net10.0\JAIMES AF.Repositories.dll
  JAIMES AF.ServiceDefinitions -> C:\Dev\JAIMES AF\JAIMES AF.ServiceDefinitions\bin\Debug\net10.0\JAIMES AF.ServiceDefinitions.dll
  JAIMES AF.ServiceDefaults -> C:\Dev\JAIMES AF\JAIMES AF.ServiceDefaults\bin\Debug\net10.0\JAIMES AF.ServiceDefaults.dll
C:\Dev\JAIMES AF\JAIMES AF.Web\obj\Debug\net10.0\Microsoft.CodeAnalysis.Razor.Compiler\Microsoft.NET.Sdk.Razor.SourceGenerators.RazorSourceGenerator\Components_Pages_FeedbackList_razor.g.cs(539,25): error MA0115: The parameter 'Title' does not exist on component 'MudBlazor.MudIconButton'. Available parameters: ButtonType, ChildContent, Class, ClickPropagation, Color, Disabled, DropShadow, Edge, Href, HtmlTag, Icon, OnClick, Rel, Ripple, Size, Style, Tag, Target, UserAttributes, Variant. (https://github.com/meziantou/Meziantou.Analyzer/blob/main/docs/Rules/MA0115.md) [C:\Dev\JAIMES AF\JAIMES AF.Web\JAIMES AF.Web.csproj]
C:\Dev\JAIMES AF\JAIMES AF.Web\obj\Debug\net10.0\Microsoft.CodeAnalysis.Razor.Compiler\Microsoft.NET.Sdk.Razor.SourceGenerators.RazorSourceGenerator\Components_Pages_FeedbackList_razor.g.cs(620,25): error MA0115: The parameter 'Title' does not exist on component 'MudBlazor.MudIconButton'. Available parameters: ButtonType, ChildContent, Class, ClickPropagation, Color, Disabled, DropShadow, Edge, Href, HtmlTag, Icon, OnClick, Rel, Ripple, Size, Style, Tag, Target, UserAttributes, Variant. (https://github.com/meziantou/Meziantou.Analyzer/blob/main/docs/Rules/MA0115.md) [C:\Dev\JAIMES AF\JAIMES AF.Web\JAIMES AF.Web.csproj]
C:\Dev\JAIMES AF\JAIMES AF.Web\Components\Pages\FeedbackList.razor(1,1): error MUD0002: Illegal Attribute 'Title' on 'MudIconButton' using pattern 'LowerCase' source location '(538,24)-(538,85)' (https://mudblazor.com/features/analyzers) [C:\Dev\JAIMES AF\JAIMES AF.Web\JAIMES AF.Web.csproj]
C:\Dev\JAIMES AF\JAIMES AF.Web\Components\Pages\FeedbackList.razor(1,1): error MUD0002: Illegal Attribute 'Title' on 'MudIconButton' using pattern 'LowerCase' source location '(619,24)-(619,82)' (https://mudblazor.com/features/analyzers) [C:\Dev\JAIMES AF\JAIMES AF.Web\JAIMES AF.Web.csproj]

Build FAILED.

C:\Dev\JAIMES AF\JAIMES AF.Web\obj\Debug\net10.0\Microsoft.CodeAnalysis.Razor.Compiler\Microsoft.NET.Sdk.Razor.SourceGenerators.RazorSourceGenerator\Components_Pages_FeedbackList_razor.g.cs(539,25): error MA0115: The parameter 'Title' does not exist on component 'MudBlazor.MudIconButton'. Available parameters: ButtonType, ChildContent, Class, ClickPropagation, Color, Disabled, DropShadow, Edge, Href, HtmlTag, Icon, OnClick, Rel, Ripple, Size, Style, Tag, Target, UserAttributes, Variant. (https://github.com/meziantou/Meziantou.Analyzer/blob/main/docs/Rules/MA0115.md) [C:\Dev\JAIMES AF\JAIMES AF.Web\JAIMES AF.Web.csproj]
C:\Dev\JAIMES AF\JAIMES AF.Web\obj\Debug\net10.0\Microsoft.CodeAnalysis.Razor.Compiler\Microsoft.NET.Sdk.Razor.SourceGenerators.RazorSourceGenerator\Components_Pages_FeedbackList_razor.g.cs(620,25): error MA0115: The parameter 'Title' does not exist on component 'MudBlazor.MudIconButton'. Available parameters: ButtonType, ChildContent, Class, ClickPropagation, Color, Disabled, DropShadow, Edge, Href, HtmlTag, Icon, OnClick, Rel, Ripple, Size, Style, Tag, Target, UserAttributes, Variant. (https://github.com/meziantou/Meziantou.Analyzer/blob/main/docs/Rules/MA0115.md) [C:\Dev\JAIMES AF\JAIMES AF.Web\JAIMES AF.Web.csproj]
C:\Dev\JAIMES AF\JAIMES AF.Web\Components\Pages\FeedbackList.razor(1,1): error MUD0002: Illegal Attribute 'Title' on 'MudIconButton' using pattern 'LowerCase' source location '(538,24)-(538,85)' (https://mudblazor.com/features/analyzers) [C:\Dev\JAIMES AF\JAIMES AF.Web\JAIMES AF.Web.csproj]
C:\Dev\JAIMES AF\JAIMES AF.Web\Components\Pages\FeedbackList.razor(1,1): error MUD0002: Illegal Attribute 'Title' on 'MudIconButton' using pattern 'LowerCase' source location '(619,24)-(619,82)' (https://mudblazor.com/features/analyzers) [C:\Dev\JAIMES AF\JAIMES AF.Web\JAIMES AF.Web.csproj]
    0 Warning(s)
    4 Error(s)

Time Elapsed 00:00:02.99
