  Determining projects to restore...
  All projects are up-to-date for restore.
  JAIMES AF.Domain -> C:\Dev\JAIMES AF\JAIMES AF.Domain\bin\Debug\net10.0\JAIMES AF.Domain.dll
  JAIMES AF.DocumentProcessing -> C:\Dev\JAIMES AF\JAIMES AF.DocumentProcessing\bin\Debug\net10.0\JAIMES AF.DocumentProcessing.dll
  JAIMES AF.Repositories -> C:\Dev\JAIMES AF\JAIMES AF.Repositories\bin\Debug\net10.0\JAIMES AF.Repositories.dll
  JAIMES AF.ServiceDefinitions -> C:\Dev\JAIMES AF\JAIMES AF.ServiceDefinitions\bin\Debug\net10.0\JAIMES AF.ServiceDefinitions.dll
  JAIMES AF.Tools -> C:\Dev\JAIMES AF\JAIMES AF.Tools\bin\Debug\net10.0\JAIMES AF.Tools.dll
  JAIMES AF.ServiceDefaults -> C:\Dev\JAIMES AF\JAIMES AF.ServiceDefaults\bin\Debug\net10.0\JAIMES AF.ServiceDefaults.dll
  JAIMES AF.Agents -> C:\Dev\JAIMES AF\JAIMES AF.Agents\bin\Debug\net10.0\JAIMES AF.Agents.dll
  JAIMES AF.Workers.DocumentEmbedding -> C:\Dev\JAIMES AF\JAIMES AF.Workers.DocumentEmbedding\bin\Debug\net10.0\JAIMES AF.Workers.DocumentEmbedding.dll
  JAIMES AF.Workers.UserMessageWorker -> C:\Dev\JAIMES AF\JAIMES AF.Workers.UserMessageWorker\bin\Debug\net10.0\JAIMES AF.Workers.UserMessageWorker.dll
  JAIMES AF.Workers.AssistantMessageWorker -> C:\Dev\JAIMES AF\JAIMES AF.Workers.AssistantMessageWorker\bin\Debug\net10.0\JAIMES AF.Workers.AssistantMessageWorker.dll
  JAIMES AF.Workers.DocumentChangeDetector -> C:\Dev\JAIMES AF\JAIMES AF.Workers.DocumentChangeDetector\bin\Debug\net10.0\JAIMES AF.Workers.DocumentChangeDetector.dll
  JAIMES AF.ServiceLayer -> C:\Dev\JAIMES AF\JAIMES AF.Services\bin\Debug\net10.0\JAIMES AF.ServiceLayer.dll
  JAIMES AF.Web -> C:\Dev\JAIMES AF\JAIMES AF.Web\bin\Debug\net10.0\JAIMES AF.Web.dll
  JAIMES AF.Workers -> C:\Dev\JAIMES AF\JAIMES AF.Workers\bin\Debug\net10.0\JAIMES AF.Workers.dll
  JAIMES AF.DocumentCracker -> C:\Dev\JAIMES AF\JAIMES AF.DocumentCracker\bin\Debug\net10.0\JAIMES AF.DocumentCracker.dll
  JAIMES AF.Workers.DocumentCrackerWorker -> C:\Dev\JAIMES AF\JAIMES AF.Workers.DocumentCrackerWorker\bin\Debug\net10.0\JAIMES AF.Workers.DocumentCrackerWorker.dll
  JAIMES AF.Workers.DocumentChunking -> C:\Dev\JAIMES AF\JAIMES AF.Workers.DocumentChunking\bin\Debug\net10.0\JAIMES AF.Workers.DocumentChunking.dll
  JAIMES AF.ApiService -> C:\Dev\JAIMES AF\JAIMES AF.ApiService\bin\Debug\net10.0\JAIMES AF.ApiService.dll
  JAIMES AF.Workers.ConversationEmbeddingWorker -> C:\Dev\JAIMES AF\JAIMES AF.Workers.ConversationEmbeddingWorker\bin\Debug\net10.0\JAIMES AF.Workers.ConversationEmbeddingWorker.dll
  JAIMES AF.AppHost -> C:\Dev\JAIMES AF\JAIMES AF.AppHost\bin\Debug\net10.0\JAIMES AF.AppHost.dll
  JAIMES AF.Tests -> C:\Dev\JAIMES AF\JAIMES AF.Tests\bin\Debug\net10.0\JAIMES AF.Tests.dll
Test run for C:\Dev\JAIMES AF\JAIMES AF.Tests\bin\Debug\net10.0\JAIMES AF.Tests.dll (.NETCoreApp,Version=v10.0)
VSTest version 18.0.1 (x64)

Starting test execution, please wait...
A total of 1 test files matched the specified pattern.
[xUnit.net 00:00:02.92]     MattEland.Jaimes.Tests.Endpoints.ListMessageFeedbackEndpointTests.ListMessageFeedback_ReturnsFeedback [FAIL]
  Failed MattEland.Jaimes.Tests.Endpoints.ListMessageFeedbackEndpointTests.ListMessageFeedback_ReturnsFeedback [1 s]
  Error Message:
   System.Text.Json.JsonException : JSON deserialization for type 'MattEland.Jaimes.Domain.GameDto' was missing required properties including: 'ruleset', 'scenario', 'player'.
  Stack Trace:
     at System.Text.Json.ThrowHelper.ThrowJsonException_JsonRequiredPropertyMissing(JsonTypeInfo parent, BitArray assignedOrNotRequiredPropertiesSet)
   at System.Text.Json.Serialization.Converters.ObjectDefaultConverter`1.OnTryRead(Utf8JsonReader& reader, Type typeToConvert, JsonSerializerOptions options, ReadStack& state, T& value)
   at System.Text.Json.Serialization.JsonConverter`1.TryRead(Utf8JsonReader& reader, Type typeToConvert, JsonSerializerOptions options, ReadStack& state, T& value, Boolean& isPopulatedValue)
   at System.Text.Json.Serialization.JsonConverter`1.ReadCore(Utf8JsonReader& reader, T& value, JsonSerializerOptions options, ReadStack& state)
   at System.Text.Json.Serialization.Metadata.JsonTypeInfo`1.ContinueDeserialize[TReadBufferState,TStream](TReadBufferState& bufferState, JsonReaderState& jsonReaderState, ReadStack& readStack, T& value)
   at System.Text.Json.Serialization.Metadata.JsonTypeInfo`1.DeserializeAsync[TReadBufferState,TStream](TStream utf8Json, TReadBufferState bufferState, CancellationToken cancellationToken)
   at System.Net.Http.Json.HttpContentJsonExtensions.ReadFromJsonAsyncCore[T](HttpContent content, JsonSerializerOptions options, CancellationToken cancellationToken)
   at MattEland.Jaimes.Tests.Endpoints.ListMessageFeedbackEndpointTests.ListMessageFeedback_ReturnsFeedback() in C:\Dev\JAIMES AF\JAIMES AF.Tests\Endpoints\ListMessageFeedbackEndpointTests.cs:line 33
--- End of stack trace from previous location ---

Failed!  - Failed:     1, Passed:     0, Skipped:     0, Total:     1, Duration: 1 s - JAIMES AF.Tests.dll (net10.0)
